// Jest Snapshot v1, https://goo.gl/fbAQLP

exports[`When I create the ZInput component should match snapshot 1`] = `
<div class="z-input">
  <!---->
  <div class="wrapper">
    <!---->
    <div><input autocapitalize="off" autocomplete="off" autocorrect="off" placeholder="" maxlength="" type="text"></div>
    <!---->
  </div>
</div>
`;
